
> temp_next@0.1.0 lint
> eslint --quiet


D:\Portfolio\7azempro\next.config.ts
   3:17  error  A `require()` style import is forbidden  @typescript-eslint/no-require-imports
  14:28  error  A `require()` style import is forbidden  @typescript-eslint/no-require-imports

D:\Portfolio\7azempro\scripts\create-test-article.js
  1:26  error  A `require()` style import is forbidden  @typescript-eslint/no-require-imports
  2:16  error  A `require()` style import is forbidden  @typescript-eslint/no-require-imports
  3:14  error  A `require()` style import is forbidden  @typescript-eslint/no-require-imports

D:\Portfolio\7azempro\scripts\debug-seo.js
  1:13  error  A `require()` style import is forbidden  @typescript-eslint/no-require-imports

D:\Portfolio\7azempro\scripts\health-check.js
  13:16  error  Parsing error: ';' expected

D:\Portfolio\7azempro\src\app\(site)\about\AboutClient.jsx
  72:42  error  Comments inside children section of tag should be placed inside braces  react/jsx-no-comment-textnodes

D:\Portfolio\7azempro\src\components\admin\Dashboard.jsx
  14:9  error  Error: Cannot access variable before it is declared

`loadData` is accessed before it is declared, which prevents the earlier access from updating when this value changes over time.

  12 |
  13 |     useEffect(() => {
> 14 |         loadData(activeTab);
     |         ^^^^^^^^ `loadData` accessed before it is declared
  15 |     }, [activeTab]);
  16 |
  17 |     async function loadData(key) {

  15 |     }, [activeTab]);
  16 |
> 17 |     async function loadData(key) {
     |     ^^^^^^^^^^^^^^^^^^^^^^^^^^^^^^
> 18 |         const content = await fetchContent(key);
     | ^^^^^^^^^^^^^^^^^^^^^^^^^^^^^^^^^^^^^^^^^^^^^^^^
> 19 |         setData(content);
     | ^^^^^^^^^^^^^^^^^^^^^^^^^^^^^^^^^^^^^^^^^^^^^^^^
> 20 |         setTextValue(JSON.stringify(content, null, 2));
     | ^^^^^^^^^^^^^^^^^^^^^^^^^^^^^^^^^^^^^^^^^^^^^^^^
> 21 |         setStatus('');
     | ^^^^^^^^^^^^^^^^^^^^^^^^^^^^^^^^^^^^^^^^^^^^^^^^
> 22 |     }
     | ^^^^^^ `loadData` is declared here
  23 |
  24 |     async function handleSave() {
  25 |         setStatus('Saving...');  react-hooks/immutability

D:\Portfolio\7azempro\src\components\home\DashboardWidget.jsx
  33:71  error  Error: Cannot call impure function during render

`Math.random` is an impure function. Calling an impure function can produce unstable results that update unpredictably when the component happens to re-render. (https://react.dev/reference/rules/components-and-hooks-must-be-pure#components-and-hooks-must-be-idempotent).

  31 |                     key={i}
  32 |                     initial={{ height: `${h}%` }}
> 33 |                     animate={{ height: [`${h}%`, `${Math.max(20, h + (Math.random() * 40 - 20))}%`, `${h}%`] }}
     |                                                                       ^^^^^^^^^^^^^ Cannot call impure function
  34 |                     transition={{
  35 |                         duration: 3 + Math.random(),
  36 |                         repeat: Infinity,  react-hooks/purity
  35:39  error  Error: Cannot call impure function during render

`Math.random` is an impure function. Calling an impure function can produce unstable results that update unpredictably when the component happens to re-render. (https://react.dev/reference/rules/components-and-hooks-must-be-pure#components-and-hooks-must-be-idempotent).

  33 |                     animate={{ height: [`${h}%`, `${Math.max(20, h + (Math.random() * 40 - 20))}%`, `${h}%`] }}
  34 |                     transition={{
> 35 |                         duration: 3 + Math.random(),
     |                                       ^^^^^^^^^^^^^ Cannot call impure function
  36 |                         repeat: Infinity,
  37 |                         repeatType: "mirror",
  38 |                         ease: "easeInOut"                        react-hooks/purity

D:\Portfolio\7azempro\src\components\home\Insights.jsx
  46:141  error  Comments inside children section of tag should be placed inside braces  react/jsx-no-comment-textnodes

D:\Portfolio\7azempro\src\components\home\ProjectSlider.jsx
  179:134  error  Comments inside children section of tag should be placed inside braces  react/jsx-no-comment-textnodes

D:\Portfolio\7azempro\src\components\home\ServicesGrid.jsx
  27:22   error  Error: Cannot create components during render

Components created during render will reset their state each time they are created. Declare components outside of render.

  25 |             <div className="flex justify-between items-start mb-12">
  26 |                 <div className="p-3 border border-foreground/10 text-foreground group-hover:scale-110 transition-transform duration-500">
> 27 |                     <Icon size={24} strokeWidth={1.5} />
     |                      ^^^^ This component is created during render
  28 |                 </div>
  29 |                 <span className="font-sans text-xs text-muted-foreground/50 group-hover:text-foreground transition-colors">
  30 |                     {num}

   8 |
   9 | function ServiceCard({ service, index, spanClass, onHover }) {
> 10 |     const Icon = getIcon(service.iconKey) || PiAppWindowLight;
     |                  ^^^^^^^^^^^^^^^^^^^^^^^^ The component is created during render here
  11 |
  12 |     // Format number strictly: 01, 02..
  13 |     const num = (index + 1).toString().padStart(2, '0');  react-hooks/static-components
  87:117  error  Comments inside children section of tag should be placed inside braces                                                                                                                                                                                                                                                                                                                                                                                                                                                                                                                                                                                                                                                                                                                                                                                                                                                                                                                                                                                                                                                    react/jsx-no-comment-textnodes

D:\Portfolio\7azempro\src\components\layout\Header.jsx
  19:9  error  Error: Calling setState synchronously within an effect can trigger cascading renders

Effects are intended to synchronize state between React and external systems such as manually updating the DOM, state management libraries, or other platform APIs. In general, the body of an effect should do one or both of the following:
* Update external systems with the latest state from React.
* Subscribe for updates from some external system, calling setState in a callback function when external state changes.

Calling setState synchronously within an effect body causes cascading renders that can hurt performance, and is not recommended. (https://react.dev/learn/you-might-not-need-an-effect).

  17 |     // Close menu when route changes or lang changes
  18 |     useEffect(() => {
> 19 |         setIsOpen(false);
     |         ^^^^^^^^^ Avoid calling setState() directly within an effect
  20 |     }, [lang]);
  21 |
  22 |     // Format CMS nav or Fallback  react-hooks/set-state-in-effect

D:\Portfolio\7azempro\src\components\ui\help-widget\content\SmartActions.jsx
  16:9  error  Error: Calling setState synchronously within an effect can trigger cascading renders

Effects are intended to synchronize state between React and external systems such as manually updating the DOM, state management libraries, or other platform APIs. In general, the body of an effect should do one or both of the following:
* Update external systems with the latest state from React.
* Subscribe for updates from some external system, calling setState in a callback function when external state changes.

Calling setState synchronously within an effect body causes cascading renders that can hurt performance, and is not recommended. (https://react.dev/learn/you-might-not-need-an-effect).

  14 |     useEffect(() => {
  15 |         // Scanning effect delay
> 16 |         setSuggestion(null);
     |         ^^^^^^^^^^^^^ Avoid calling setState() directly within an effect
  17 |         const timer = setTimeout(() => {
  18 |             if (pathname === '/') {
  19 |                 setSuggestion({  react-hooks/set-state-in-effect

D:\Portfolio\7azempro\src\components\ui\help-widget\content\SystemMonitor.jsx
  9:29  error  Error: Cannot call impure function during render

`performance.now` is an impure function. Calling an impure function can produce unstable results that update unpredictably when the component happens to re-render. (https://react.dev/reference/rules/components-and-hooks-must-be-pure#components-and-hooks-must-be-idempotent).

   7 |     const [fps, setFps] = useState(0);
   8 |     const frameCount = useRef(0);
>  9 |     const lastTime = useRef(performance.now());
     |                             ^^^^^^^^^^^^^^^^^ Cannot call impure function
  10 |
  11 |     useEffect(() => {
  12 |         let animationFrameId;  react-hooks/purity

D:\Portfolio\7azempro\src\components\ui\help-widget\index.jsx
  123:9  error  Error: Calling setState synchronously within an effect can trigger cascading renders

Effects are intended to synchronize state between React and external systems such as manually updating the DOM, state management libraries, or other platform APIs. In general, the body of an effect should do one or both of the following:
* Update external systems with the latest state from React.
* Subscribe for updates from some external system, calling setState in a callback function when external state changes.

Calling setState synchronously within an effect body causes cascading renders that can hurt performance, and is not recommended. (https://react.dev/learn/you-might-not-need-an-effect).

  121 |
  122 |         // Initial Check
> 123 |         setIsOnline(navigator.onLine);
      |         ^^^^^^^^^^^ Avoid calling setState() directly within an effect
  124 |
  125 |         return () => {
  126 |             window.removeEventListener('online', handleOnline);  react-hooks/set-state-in-effect

D:\Portfolio\7azempro\src\components\ui\help-widget\useWidgetState.js
  21:23  error  Error: Calling setState synchronously within an effect can trigger cascading renders

Effects are intended to synchronize state between React and external systems such as manually updating the DOM, state management libraries, or other platform APIs. In general, the body of an effect should do one or both of the following:
* Update external systems with the latest state from React.
* Subscribe for updates from some external system, calling setState in a callback function when external state changes.

Calling setState synchronously within an effect body causes cascading renders that can hurt performance, and is not recommended. (https://react.dev/learn/you-might-not-need-an-effect).

  19 |     useEffect(() => {
  20 |         const savedPos = localStorage.getItem('hw_pos');
> 21 |         if (savedPos) setWidgetPosition(JSON.parse(savedPos));
     |                       ^^^^^^^^^^^^^^^^^ Avoid calling setState() directly within an effect
  22 |
  23 |         const savedA11y = localStorage.getItem('hw_a11y');
  24 |         if (savedA11y) {  react-hooks/set-state-in-effect

D:\Portfolio\7azempro\src\lib\context\LanguageContext.js
  13:9  error  Error: Calling setState synchronously within an effect can trigger cascading renders

Effects are intended to synchronize state between React and external systems such as manually updating the DOM, state management libraries, or other platform APIs. In general, the body of an effect should do one or both of the following:
* Update external systems with the latest state from React.
* Subscribe for updates from some external system, calling setState in a callback function when external state changes.

Calling setState synchronously within an effect body causes cascading renders that can hurt performance, and is not recommended. (https://react.dev/learn/you-might-not-need-an-effect).

  11 |
  12 |     useEffect(() => {
> 13 |         setT(translations[lang]);
     |         ^^^^ Avoid calling setState() directly within an effect
  14 |         document.documentElement.lang = lang;
  15 |         document.documentElement.dir = translations[lang].dir || 'ltr';
  16 |     }, [lang]);  react-hooks/set-state-in-effect

Γ£û 21 problems (21 errors, 0 warnings)

